Initialized native services in: C:\Users\alex\.gradle\native
Initialized jansi services in: C:\Users\alex\.gradle\native
Received JVM installation metadata from 'C:\Program Files\Eclipse Adoptium\jdk-11.0.21.9-hotspot': {JAVA_HOME=C:\Program Files\Eclipse Adoptium\jdk-11.0.21.9-hotspot, JAVA_VERSION=11.0.21, JAVA_VENDOR=Eclipse Adoptium, RUNTIME_NAME=OpenJDK Runtime Environment, RUNTIME_VERSION=11.0.21+9, VM_NAME=OpenJDK 64-Bit Server VM, VM_VERSION=11.0.21+9, VM_VENDOR=Eclipse Adoptium, OS_ARCH=amd64}
Checking if the launcher JVM can be re-used for build. To be re-used, the launcher JVM needs to match the parameters required for the build process: --add-opens=java.base/java.util=ALL-UNNAMED --add-opens=java.base/java.lang=ALL-UNNAMED --add-opens=java.base/java.lang.invoke=ALL-UNNAMED --add-opens=java.prefs/java.util.prefs=ALL-UNNAMED --add-opens=java.base/java.nio.charset=ALL-UNNAMED --add-opens=java.base/java.net=ALL-UNNAMED --add-opens=java.base/java.util.concurrent.atomic=ALL-UNNAMED -Xmx3G -Dfile.encoding=windows-1252 -Duser.country=ES -Duser.language=es -Duser.variant
To honour the JVM settings for this build a single-use Daemon process will be forked. See https://docs.gradle.org/8.1.1/userguide/gradle_daemon.html#sec:disabling_the_daemon.
Starting process 'Gradle build daemon'. Working directory: C:\Users\alex\.gradle\daemon\8.1.1 Command: C:\Program Files\Eclipse Adoptium\jdk-11.0.21.9-hotspot\bin\java.exe --add-opens=java.base/java.util=ALL-UNNAMED --add-opens=java.base/java.lang=ALL-UNNAMED --add-opens=java.base/java.lang.invoke=ALL-UNNAMED --add-opens=java.prefs/java.util.prefs=ALL-UNNAMED --add-opens=java.base/java.nio.charset=ALL-UNNAMED --add-opens=java.base/java.net=ALL-UNNAMED --add-opens=java.base/java.util.concurrent.atomic=ALL-UNNAMED -Xmx3G -Dfile.encoding=windows-1252 -Duser.country=ES -Duser.language=es -Duser.variant -cp C:\Users\alex\.gradle\wrapper\dists\gradle-8.1.1-bin\9wiye5v2saajue4irfo8ybqfp\gradle-8.1.1\lib\gradle-launcher-8.1.1.jar -javaagent:C:\Users\alex\.gradle\wrapper\dists\gradle-8.1.1-bin\9wiye5v2saajue4irfo8ybqfp\gradle-8.1.1\lib\agents\gradle-instrumentation-agent-8.1.1.jar org.gradle.launcher.daemon.bootstrap.GradleDaemon 8.1.1
Successfully started process 'Gradle build daemon'
An attempt to start the daemon took 4.849 secs.
The client will now receive all logging from the daemon (pid: 20432). The daemon log file: C:\Users\alex\.gradle\daemon\8.1.1\daemon-20432.out.log
Daemon will be stopped at the end of the build 
Using 8 worker leases.
Received JVM installation metadata from 'C:\Program Files\Eclipse Adoptium\jdk-11.0.21.9-hotspot': {JAVA_HOME=C:\Program Files\Eclipse Adoptium\jdk-11.0.21.9-hotspot, JAVA_VERSION=11.0.21, JAVA_VENDOR=Eclipse Adoptium, RUNTIME_NAME=OpenJDK Runtime Environment, RUNTIME_VERSION=11.0.21+9, VM_NAME=OpenJDK 64-Bit Server VM, VM_VERSION=11.0.21+9, VM_VENDOR=Eclipse Adoptium, OS_ARCH=amd64}
Watching the file system is configured to be enabled if available
Now considering [C:\Users\alex\Documents\MODS\VisitorsMod] as hierarchies to watch
File system watching is active
Starting Build
The configuration detachedConfiguration1 is both resolvable and consumable. This is considered a legacy configuration and it will eventually only be possible to be one of these.
The configuration detachedConfiguration1 is both consumable and declarable. This combination is incorrect, only one of these flags should be set.
The configuration detachedConfiguration1 is both resolvable and consumable. This is considered a legacy configuration and it will eventually only be possible to be one of these.
The configuration detachedConfiguration1 is both consumable and declarable. This combination is incorrect, only one of these flags should be set.
The configuration classpath is both resolvable and consumable. This is considered a legacy configuration and it will eventually only be possible to be one of these.
The configuration classpath is both consumable and declarable. This combination is incorrect, only one of these flags should be set.
The configuration classpath is both resolvable and consumable. This is considered a legacy configuration and it will eventually only be possible to be one of these.
The configuration classpath is both consumable and declarable. This combination is incorrect, only one of these flags should be set.
Settings evaluated using settings file 'C:\Users\alex\Documents\MODS\VisitorsMod\settings.gradle'.
Projects loaded. Root project using build file 'C:\Users\alex\Documents\MODS\VisitorsMod\build.gradle'.
Included projects: [root project 'VisitorsMod']

> Configure project :
Evaluating root project 'VisitorsMod' using build file 'C:\Users\alex\Documents\MODS\VisitorsMod\build.gradle'.
The configuration detachedConfiguration1 is both resolvable and consumable. This is considered a legacy configuration and it will eventually only be possible to be one of these.
The configuration detachedConfiguration1 is both consumable and declarable. This combination is incorrect, only one of these flags should be set.
The configuration detachedConfiguration1 is both resolvable and consumable. This is considered a legacy configuration and it will eventually only be possible to be one of these.
The configuration detachedConfiguration1 is both consumable and declarable. This combination is incorrect, only one of these flags should be set.
The configuration :classpath is both resolvable and consumable. This is considered a legacy configuration and it will eventually only be possible to be one of these.
The configuration :classpath is both consumable and declarable. This combination is incorrect, only one of these flags should be set.
The configuration :classpath is both resolvable and consumable. This is considered a legacy configuration and it will eventually only be possible to be one of these.
The configuration :classpath is both consumable and declarable. This combination is incorrect, only one of these flags should be set.
Downloading net.minecraftforge:forge:1.20.1-47.2.0:userdev
Downloading net.minecraftforge:forge:1.20.1-47.2.0:universal@jar
Downloading net.minecraftforge:forge:1.20.1-47.2.0:sources@jar
Downloading de.oceanlabs.mcp:mcp_config:1.20.1-20230612.114412@zip
Starting process 'command 'C:\Program Files\Java\jdk-17\bin\java.exe''. Working directory: C:\Users\alex\.gradle\.tmp\tmp-jvm10065373338844729734probe Command: C:\Program Files\Java\jdk-17\bin\java.exe -cp . JavaProbe
Successfully started process 'command 'C:\Program Files\Java\jdk-17\bin\java.exe''
Received JVM installation metadata from 'C:\Program Files\Java\jdk-17': {JAVA_HOME=C:\Program Files\Java\jdk-17, JAVA_VERSION=17.0.12, JAVA_VENDOR=Oracle Corporation, RUNTIME_NAME=Java(TM) SE Runtime Environment, RUNTIME_VERSION=17.0.12+8-LTS-286, VM_NAME=Java HotSpot(TM) 64-Bit Server VM, VM_VERSION=17.0.12+8-LTS-286, VM_VENDOR=Oracle Corporation, OS_ARCH=amd64}
Starting process 'command 'C:\Program Files\Eclipse Adoptium\jdk-21.0.5.11-hotspot\bin\java.exe''. Working directory: C:\Users\alex\.gradle\.tmp\tmp-jvm9804471043973429360probe Command: C:\Program Files\Eclipse Adoptium\jdk-21.0.5.11-hotspot\bin\java.exe -cp . JavaProbe
Successfully started process 'command 'C:\Program Files\Eclipse Adoptium\jdk-21.0.5.11-hotspot\bin\java.exe''
Received JVM installation metadata from 'C:\Program Files\Eclipse Adoptium\jdk-21.0.5.11-hotspot': {JAVA_HOME=C:\Program Files\Eclipse Adoptium\jdk-21.0.5.11-hotspot, JAVA_VERSION=21.0.5, JAVA_VENDOR=Eclipse Adoptium, RUNTIME_NAME=OpenJDK Runtime Environment, RUNTIME_VERSION=21.0.5+11-LTS, VM_NAME=OpenJDK 64-Bit Server VM, VM_VERSION=21.0.5+11-LTS, VM_VENDOR=Eclipse Adoptium, OS_ARCH=amd64}
The configuration :mainSourceElements is both consumable and declarable. This combination is incorrect, only one of these flags should be set.
Downloading de.oceanlabs.mcp:mcp_config:1.20.1@zip
Downloading de.oceanlabs.mcp:mcp_config:1.20.1@zip
Creating reobfuscation task for JarJar task: jarJar
All projects evaluated.
Task name matched 'compileJava'
Selected primary task 'compileJava' from project :
Tasks to be executed: [task ':compileJava']
Tasks that were excluded: []
Resolve mutations for :compileJava (Thread[included builds,5,main]) started.
:compileJava (Thread[Execution worker Thread 6,5,main]) started.

> Task :compileJava
Watching 1 directory hierarchies to track changes
Downloading net.minecraft:mappings_official:1.20.1@zip
Downloading net.minecraft:client:1.20.1:mappings@txt
Downloading net.minecraft:server:1.20.1:mappings@txt
Downloading de.oceanlabs.mcp:mcp_config:1.20.1@zip
Downloading de.oceanlabs.mcp:mcp_config:1.20.1@zip
Downloading net.minecraft:mappings_official:1.20.1@zip
Caching disabled for task ':compileJava' because:
  Build cache is disabled
Task ':compileJava' is not up-to-date because:
  Task has failed previously.
The input changes require a full rebuild for incremental task ':compileJava'.
Full recompilation is required because no incremental change information is available. This is usually caused by clean builds or changing compiler arguments.
Compiling with toolchain 'C:\Program Files\Java\jdk-17'.
Starting process 'Gradle Worker Daemon 1'. Working directory: C:\Users\alex\.gradle\workers Command: C:\Program Files\Java\jdk-17\bin\java.exe @C:\Users\alex\.gradle\.tmp\gradle-worker-classpath13356550388612280913txt -Xmx512m -Dfile.encoding=windows-1252 -Duser.country=ES -Duser.language=es -Duser.variant worker.org.gradle.process.internal.worker.GradleWorkerMain 'Gradle Worker Daemon 1'
Successfully started process 'Gradle Worker Daemon 1'
Started Gradle worker daemon (1.101 secs) with fork options DaemonForkOptions{executable=C:\Program Files\Java\jdk-17\bin\java.exe, minHeapSize=null, maxHeapSize=null, jvmArgs=[], keepAliveMode=SESSION}.

This JVM does not support getting OS memory, so no OS memory status updates will be broadcast

> Task :compileJava
Compiling with JDK Java compiler API.
.\gradlew.bat : C:\Us
ers\alex\Documents\MO
DS\VisitorsMod\src\ma
in\java\com\visitors\
entity\ai\SitInChairG
oal.java:92: error: 
setMarker(boolean) 
has private access 
in ArmorStand
En línea: 1 
Carácter: 1
+ .\gradlew.bat 
compileJava --info 
--console=plain > 
build_errors.txt 2 
...
+ ~~~~~~~~~~~~~~~~~~~
~~~~~~~~~~~~~~~~~~~~~
~~~~~~~~~~~~~~~~~~~~~
~~~~~~~~
    + CategoryInfo   
           : NotSpe  
  cified: (C:\User   
 s\alex\D...s in     
ArmorStand:Strin    
g) [], RemoteExc    
eption
    + FullyQualified 
   ErrorId : Native  
  CommandError
 
                    s
eat.setMarker(true); 
// Small hitbox, no 
interaction
                     
   ^
C:\Users\alex\Documen
ts\MODS\VisitorsMod\s
rc\main\java\com\visi
tors\entity\ai\SitInC
hairGoal.java:96: 
error: 
setSmall(boolean) 
has private access 
in ArmorStand
                    
seat.setSmall(true); 
// Lower center of 
gravity
                     
   ^
Note: C:\Users\alex\D
ocuments\MODS\Visitor
sMod\src\main\java\co
m\visitors\block\Star
sPosterBlock.java 
uses or overrides a 
deprecated API.
Note: Recompile with 
-Xlint:deprecation 
for details.
2 errors

> Task :compileJava FAILED

FAILURE: Build 
failed with an 
exception.

* What went wrong:
Execution failed for 
task ':compileJava'.
> Compilation 
failed; see the 
compiler error 
output for details.

* Try:
> Run with 
--stacktrace option 
to get the stack 
trace.
> Run with --debug 
option to get more 
log output.
> Run with --scan to 
get full insights.

* Get more help at ht
tps://help.gradle.org

BUILD FAILED in 1m 4s
1 actionable task: 1 executed
Watched directory hierarchies: [C:\Users\alex\Documents\MODS\VisitorsMod]
Stopped 1 worker daemon(s).
